2026-06-03 01:31:54,142 - trading_bot - INFO - [cli.py:165] - CLI Input Received: {'symbol': 'ETHUSDT', 'side': 'BUY', 'order_type': 'MARKET', 'quantity': '0.015', 'price': None, 'stop_price': None}
2026-06-03 01:31:54,147 - trading_bot - DEBUG - [client.py:15] - Initializing Binance Client (Testnet)...
2026-06-03 01:31:54,147 - trading_bot - INFO - [client.py:27] - Using API Key: mock_k...6789
2026-06-03 01:31:54,709 - trading_bot - INFO - [client.py:34] - Connected to Binance Futures Testnet API successfully.
2026-06-03 01:31:54,710 - trading_bot - INFO - [orders.py:38] - Placing order: BUY 0.015 ETHUSDT (MARKET)
2026-06-03 01:31:54,711 - trading_bot - DEBUG - [orders.py:39] - API request payload: {'symbol': 'ETHUSDT', 'side': 'BUY', 'type': 'MARKET', 'quantity': 0.015}
2026-06-03 01:31:54,711 - trading_bot - INFO - [orders.py:44] - Successfully placed order! OrderID: 87654321
2026-06-03 01:31:54,711 - trading_bot - DEBUG - [orders.py:45] - API response payload: {'orderId': 87654321, 'symbol': 'ETHUSDT', 'status': 'FILLED', 'clientOrderId': 'mock_client_order_id_market', 'price': '0.00', 'avgPrice': '99500.00', 'origQty': '0.015', 'executedQty': '0.015', 'cumQuote': '1492.5', 'timeInForce': 'GTC', 'type': 'MARKET', 'reduceOnly': False, 'closePosition': False, 'side': 'BUY', 'positionSide': 'BOTH', 'stopPrice': '0.00', 'workingType': 'CONTRACT_PRICE', 'priceProtect': False, 'origType': 'MARKET', 'updateTime': 1780000000000}
2026-06-03 01:31:54,719 - trading_bot - INFO - [cli.py:165] - CLI Input Received: {'symbol': 'BTCUSDT', 'side': 'SELL', 'order_type': 'LIMIT', 'quantity': '0.005', 'price': '98500.00', 'stop_price': None}
2026-06-03 01:31:54,722 - trading_bot - DEBUG - [client.py:15] - Initializing Binance Client (Testnet)...
2026-06-03 01:31:54,722 - trading_bot - INFO - [client.py:27] - Using API Key: mock_k...6789
2026-06-03 01:31:55,009 - trading_bot - INFO - [client.py:34] - Connected to Binance Futures Testnet API successfully.
2026-06-03 01:31:55,009 - trading_bot - INFO - [orders.py:38] - Placing order: SELL 0.005 BTCUSDT (LIMIT)
2026-06-03 01:31:55,009 - trading_bot - DEBUG - [orders.py:39] - API request payload: {'symbol': 'BTCUSDT', 'side': 'SELL', 'type': 'LIMIT', 'quantity': 0.005, 'price': 98500.0, 'timeInForce': 'GTC'}
2026-06-03 01:31:55,009 - trading_bot - INFO - [orders.py:44] - Successfully placed order! OrderID: 87654322
2026-06-03 01:31:55,009 - trading_bot - DEBUG - [orders.py:45] - API response payload: {'orderId': 87654322, 'symbol': 'BTCUSDT', 'status': 'NEW', 'clientOrderId': 'mock_client_order_id_limit', 'price': '98500.00', 'avgPrice': '0.00', 'origQty': '0.005', 'executedQty': '0', 'cumQuote': '0', 'timeInForce': 'GTC', 'type': 'LIMIT', 'reduceOnly': False, 'closePosition': False, 'side': 'SELL', 'positionSide': 'BOTH', 'stopPrice': '0.00', 'workingType': 'CONTRACT_PRICE', 'priceProtect': False, 'origType': 'LIMIT', 'updateTime': 1780000000000}
2026-06-03 01:31:55,014 - trading_bot - INFO - [cli.py:165] - CLI Input Received: {'symbol': 'BTCUSDT', 'side': 'BUY', 'order_type': 'STOP_LIMIT', 'quantity': '0.01', 'price': '99000.00', 'stop_price': '98800.00'}
2026-06-03 01:31:55,016 - trading_bot - DEBUG - [client.py:15] - Initializing Binance Client (Testnet)...
2026-06-03 01:31:55,016 - trading_bot - INFO - [client.py:27] - Using API Key: mock_k...6789
2026-06-03 01:31:55,296 - trading_bot - INFO - [client.py:34] - Connected to Binance Futures Testnet API successfully.
2026-06-03 01:31:55,297 - trading_bot - INFO - [orders.py:38] - Placing order: BUY 0.01 BTCUSDT (STOP_LIMIT)
2026-06-03 01:31:55,297 - trading_bot - DEBUG - [orders.py:39] - API request payload: {'symbol': 'BTCUSDT', 'side': 'BUY', 'type': 'STOP', 'quantity': 0.01, 'price': 99000.0, 'stopPrice': 98800.0, 'timeInForce': 'GTC'}
2026-06-03 01:31:55,297 - trading_bot - INFO - [orders.py:44] - Successfully placed order! OrderID: 87654323
2026-06-03 01:31:55,298 - trading_bot - DEBUG - [orders.py:45] - API response payload: {'orderId': 87654323, 'symbol': 'BTCUSDT', 'status': 'NEW', 'clientOrderId': 'mock_client_order_id_stop', 'price': '99000.00', 'avgPrice': '0.00', 'origQty': '0.01', 'executedQty': '0', 'cumQuote': '0', 'timeInForce': 'GTC', 'type': 'STOP', 'reduceOnly': False, 'closePosition': False, 'side': 'BUY', 'positionSide': 'BOTH', 'stopPrice': '98800.00', 'workingType': 'CONTRACT_PRICE', 'priceProtect': False, 'origType': 'STOP', 'updateTime': 1780000000000}
2026-06-03 01:31:55,398 - trading_bot - DEBUG - [client.py:15] - Initializing Binance Client (Testnet)...
2026-06-03 01:31:55,398 - trading_bot - INFO - [client.py:27] - Using API Key: mock_k...6789
2026-06-03 01:31:55,666 - trading_bot - INFO - [client.py:34] - Connected to Binance Futures Testnet API successfully.
2026-06-03 01:31:55,670 - trading_bot - INFO - [web_ui.py:57] - Web UI Request: {'order_type': 'MARKET', 'quantity': 0.002, 'side': 'BUY', 'symbol': 'BTCUSDT'}
2026-06-03 01:31:55,670 - trading_bot - DEBUG - [client.py:15] - Initializing Binance Client (Testnet)...
2026-06-03 01:31:55,670 - trading_bot - INFO - [client.py:27] - Using API Key: mock_k...6789
2026-06-03 01:31:55,957 - trading_bot - INFO - [client.py:34] - Connected to Binance Futures Testnet API successfully.
2026-06-03 01:31:55,957 - trading_bot - INFO - [orders.py:38] - Placing order: BUY 0.002 BTCUSDT (MARKET)
2026-06-03 01:31:55,957 - trading_bot - DEBUG - [orders.py:39] - API request payload: {'symbol': 'BTCUSDT', 'side': 'BUY', 'type': 'MARKET', 'quantity': 0.002}
2026-06-03 01:31:55,957 - trading_bot - INFO - [orders.py:44] - Successfully placed order! OrderID: 87654321
2026-06-03 01:31:55,957 - trading_bot - DEBUG - [orders.py:45] - API response payload: {'orderId': 87654321, 'symbol': 'BTCUSDT', 'status': 'FILLED', 'clientOrderId': 'mock_client_order_id_market', 'price': '0.00', 'avgPrice': '99500.00', 'origQty': '0.002', 'executedQty': '0.002', 'cumQuote': '199.0', 'timeInForce': 'GTC', 'type': 'MARKET', 'reduceOnly': False, 'closePosition': False, 'side': 'BUY', 'positionSide': 'BOTH', 'stopPrice': '0.00', 'workingType': 'CONTRACT_PRICE', 'priceProtect': False, 'origType': 'MARKET', 'updateTime': 1780000000000}
2026-06-03 01:31:55,960 - trading_bot - INFO - [web_ui.py:57] - Web UI Request: {'order_type': 'LIMIT', 'quantity': 0.002, 'side': 'BUY', 'symbol': 'BTCUSDT'}
2026-06-03 01:31:55,960 - trading_bot - ERROR - [web_ui.py:86] - Web UI Validation Error: Price is required for LIMIT orders.
2026-06-03 01:41:56,040 - trading_bot - DEBUG - [client.py:15] - Initializing Binance Client (Testnet)...
2026-06-03 01:41:56,042 - trading_bot - INFO - [client.py:27] - Using API Key: mock_k...6789
2026-06-03 01:41:56,884 - trading_bot - INFO - [client.py:34] - Connected to Binance Futures Testnet API successfully.
2026-06-03 01:42:10,212 - trading_bot - DEBUG - [client.py:15] - Initializing Binance Client (Testnet)...
2026-06-03 01:42:10,214 - trading_bot - INFO - [client.py:27] - Using API Key: mock_k...6789
2026-06-03 01:42:11,012 - trading_bot - INFO - [client.py:34] - Connected to Binance Futures Testnet API successfully.
2026-06-03 01:42:15,842 - trading_bot - DEBUG - [client.py:15] - Initializing Binance Client (Testnet)...
2026-06-03 01:42:15,843 - trading_bot - INFO - [client.py:27] - Using API Key: mock_k...6789
2026-06-03 01:42:16,691 - trading_bot - INFO - [client.py:34] - Connected to Binance Futures Testnet API successfully.
2026-06-03 01:42:24,547 - trading_bot - INFO - [web_ui.py:57] - Web UI Request: {'symbol': 'BTCUSDT', 'side': 'BUY', 'order_type': 'MARKET', 'quantity': '0.008', 'price': None, 'stop_price': None}
2026-06-03 01:42:24,549 - trading_bot - DEBUG - [client.py:15] - Initializing Binance Client (Testnet)...
2026-06-03 01:42:24,549 - trading_bot - INFO - [client.py:27] - Using API Key: mock_k...6789
2026-06-03 01:42:25,404 - trading_bot - INFO - [client.py:34] - Connected to Binance Futures Testnet API successfully.
2026-06-03 01:42:25,404 - trading_bot - INFO - [orders.py:38] - Placing order: BUY 0.008 BTCUSDT (MARKET)
2026-06-03 01:42:25,404 - trading_bot - DEBUG - [orders.py:39] - API request payload: {'symbol': 'BTCUSDT', 'side': 'BUY', 'type': 'MARKET', 'quantity': 0.008}
2026-06-03 01:42:25,575 - trading_bot - ERROR - [orders.py:51] - Binance API Error (Status Code 401): API-key format invalid. (Code: -2014)
Traceback (most recent call last):
  File "/Users/aryan/Desktop/Job Project/bot/orders.py", line 42, in execute_order
    response = client.futures_create_order(**params)
  File "/Users/aryan/Desktop/Job Project/venv/lib/python3.10/site-packages/binance/client.py", line 7951, in futures_create_order
    return self._request_futures_api("post", "order", True, data=params)
  File "/Users/aryan/Desktop/Job Project/venv/lib/python3.10/site-packages/binance/client.py", line 144, in _request_futures_api
    return self._request(method, uri, signed, force_params, **kwargs)
  File "/Users/aryan/Desktop/Job Project/venv/lib/python3.10/site-packages/binance/client.py", line 107, in _request
    return self._handle_response(self.response)
  File "/Users/aryan/Desktop/Job Project/venv/lib/python3.10/site-packages/binance/client.py", line 116, in _handle_response
    raise BinanceAPIException(response, response.status_code, response.text)
binance.exceptions.BinanceAPIException: APIError(code=-2014): API-key format invalid.
2026-06-03 01:42:25,580 - trading_bot - ERROR - [web_ui.py:98] - Web UI Order execution failed: Binance API Error (Status Code 401): API-key format invalid. (Code: -2014)
2026-06-03 01:42:25,842 - trading_bot - DEBUG - [client.py:15] - Initializing Binance Client (Testnet)...
2026-06-03 01:42:25,843 - trading_bot - INFO - [client.py:27] - Using API Key: mock_k...6789
2026-06-03 01:42:26,654 - trading_bot - INFO - [client.py:34] - Connected to Binance Futures Testnet API successfully.
2026-06-03 01:42:30,256 - trading_bot - DEBUG - [client.py:15] - Initializing Binance Client (Testnet)...
2026-06-03 01:42:30,259 - trading_bot - INFO - [client.py:27] - Using API Key: mock_k...6789
2026-06-03 01:42:30,826 - trading_bot - INFO - [client.py:34] - Connected to Binance Futures Testnet API successfully.
2026-06-03 01:42:35,044 - trading_bot - INFO - [web_ui.py:57] - Web UI Request: {'symbol': 'BTCUSDT', 'side': 'BUY', 'order_type': 'MARKET', 'quantity': '0.0008', 'price': None, 'stop_price': None}
2026-06-03 01:42:35,045 - trading_bot - DEBUG - [client.py:15] - Initializing Binance Client (Testnet)...
2026-06-03 01:42:35,046 - trading_bot - INFO - [client.py:27] - Using API Key: mock_k...6789
2026-06-03 01:42:35,633 - trading_bot - INFO - [client.py:34] - Connected to Binance Futures Testnet API successfully.
2026-06-03 01:42:35,633 - trading_bot - INFO - [orders.py:38] - Placing order: BUY 0.0008 BTCUSDT (MARKET)
2026-06-03 01:42:35,633 - trading_bot - DEBUG - [orders.py:39] - API request payload: {'symbol': 'BTCUSDT', 'side': 'BUY', 'type': 'MARKET', 'quantity': 0.0008}
2026-06-03 01:42:35,804 - trading_bot - ERROR - [orders.py:51] - Binance API Error (Status Code 401): API-key format invalid. (Code: -2014)
Traceback (most recent call last):
  File "/Users/aryan/Desktop/Job Project/bot/orders.py", line 42, in execute_order
    response = client.futures_create_order(**params)
  File "/Users/aryan/Desktop/Job Project/venv/lib/python3.10/site-packages/binance/client.py", line 7951, in futures_create_order
    return self._request_futures_api("post", "order", True, data=params)
  File "/Users/aryan/Desktop/Job Project/venv/lib/python3.10/site-packages/binance/client.py", line 144, in _request_futures_api
    return self._request(method, uri, signed, force_params, **kwargs)
  File "/Users/aryan/Desktop/Job Project/venv/lib/python3.10/site-packages/binance/client.py", line 107, in _request
    return self._handle_response(self.response)
  File "/Users/aryan/Desktop/Job Project/venv/lib/python3.10/site-packages/binance/client.py", line 116, in _handle_response
    raise BinanceAPIException(response, response.status_code, response.text)
binance.exceptions.BinanceAPIException: APIError(code=-2014): API-key format invalid.
2026-06-03 01:42:35,804 - trading_bot - ERROR - [web_ui.py:98] - Web UI Order execution failed: Binance API Error (Status Code 401): API-key format invalid. (Code: -2014)
2026-06-03 01:42:35,842 - trading_bot - DEBUG - [client.py:15] - Initializing Binance Client (Testnet)...
2026-06-03 01:42:35,842 - trading_bot - INFO - [client.py:27] - Using API Key: mock_k...6789
2026-06-03 01:42:36,403 - trading_bot - INFO - [client.py:34] - Connected to Binance Futures Testnet API successfully.
2026-06-03 01:42:46,033 - trading_bot - DEBUG - [client.py:15] - Initializing Binance Client (Testnet)...
2026-06-03 01:42:46,037 - trading_bot - INFO - [client.py:27] - Using API Key: mock_k...6789
2026-06-03 01:42:46,670 - trading_bot - INFO - [client.py:34] - Connected to Binance Futures Testnet API successfully.
2026-06-03 01:42:56,041 - trading_bot - DEBUG - [client.py:15] - Initializing Binance Client (Testnet)...
2026-06-03 01:42:56,043 - trading_bot - INFO - [client.py:27] - Using API Key: mock_k...6789
2026-06-03 01:42:56,863 - trading_bot - INFO - [client.py:34] - Connected to Binance Futures Testnet API successfully.
2026-06-03 01:43:06,041 - trading_bot - DEBUG - [client.py:15] - Initializing Binance Client (Testnet)...
2026-06-03 01:43:06,043 - trading_bot - INFO - [client.py:27] - Using API Key: mock_k...6789
2026-06-03 01:43:16,035 - trading_bot - DEBUG - [client.py:15] - Initializing Binance Client (Testnet)...
2026-06-03 01:43:16,036 - trading_bot - INFO - [client.py:27] - Using API Key: mock_k...6789
2026-06-03 01:43:16,876 - trading_bot - INFO - [client.py:34] - Connected to Binance Futures Testnet API successfully.
2026-06-03 01:43:36,036 - trading_bot - DEBUG - [client.py:15] - Initializing Binance Client (Testnet)...
2026-06-03 01:43:36,038 - trading_bot - INFO - [client.py:27] - Using API Key: Ss79Wc...LKk1
2026-06-03 01:43:36,913 - trading_bot - INFO - [client.py:34] - Connected to Binance Futures Testnet API successfully.
2026-06-03 01:43:44,188 - trading_bot - DEBUG - [client.py:15] - Initializing Binance Client (Testnet)...
2026-06-03 01:43:44,195 - trading_bot - INFO - [client.py:27] - Using API Key: Ss79Wc...LKk1
2026-06-03 01:43:44,818 - trading_bot - INFO - [client.py:34] - Connected to Binance Futures Testnet API successfully.
2026-06-03 01:43:52,184 - trading_bot - INFO - [web_ui.py:57] - Web UI Request: {'symbol': 'BTCUSDT', 'side': 'BUY', 'order_type': 'MARKET', 'quantity': '0.008', 'price': None, 'stop_price': None}
2026-06-03 01:43:52,185 - trading_bot - DEBUG - [client.py:15] - Initializing Binance Client (Testnet)...
2026-06-03 01:43:52,186 - trading_bot - INFO - [client.py:27] - Using API Key: Ss79Wc...LKk1
2026-06-03 01:43:53,118 - trading_bot - INFO - [client.py:34] - Connected to Binance Futures Testnet API successfully.
2026-06-03 01:43:53,119 - trading_bot - INFO - [orders.py:38] - Placing order: BUY 0.008 BTCUSDT (MARKET)
2026-06-03 01:43:53,120 - trading_bot - DEBUG - [orders.py:39] - API request payload: {'symbol': 'BTCUSDT', 'side': 'BUY', 'type': 'MARKET', 'quantity': 0.008}
2026-06-03 01:43:53,372 - trading_bot - INFO - [orders.py:44] - Successfully placed order! OrderID: 13867627753
2026-06-03 01:43:53,373 - trading_bot - DEBUG - [orders.py:45] - API response payload: {'orderId': 13867627753, 'symbol': 'BTCUSDT', 'status': 'NEW', 'clientOrderId': 'x-Cb7ytekJ883cd8f5037eea1e75f81d', 'price': '0.00', 'avgPrice': '0.00', 'origQty': '0.0080', 'executedQty': '0.0000', 'cumQty': '0.0000', 'cumQuote': '0.000000', 'timeInForce': 'GTC', 'type': 'MARKET', 'reduceOnly': False, 'closePosition': False, 'side': 'BUY', 'positionSide': 'BOTH', 'stopPrice': '0.00', 'workingType': 'CONTRACT_PRICE', 'priceProtect': False, 'origType': 'MARKET', 'priceMatch': 'NONE', 'selfTradePreventionMode': 'EXPIRE_MAKER', 'goodTillDate': 0, 'updateTime': 1780431233331}
2026-06-03 01:43:54,188 - trading_bot - DEBUG - [client.py:15] - Initializing Binance Client (Testnet)...
2026-06-03 01:43:54,188 - trading_bot - INFO - [client.py:27] - Using API Key: Ss79Wc...LKk1
2026-06-03 01:43:55,387 - trading_bot - INFO - [client.py:34] - Connected to Binance Futures Testnet API successfully.
2026-06-03 01:44:04,190 - trading_bot - DEBUG - [client.py:15] - Initializing Binance Client (Testnet)...
2026-06-03 01:44:04,193 - trading_bot - INFO - [client.py:27] - Using API Key: Ss79Wc...LKk1
2026-06-03 01:44:04,798 - trading_bot - INFO - [client.py:34] - Connected to Binance Futures Testnet API successfully.
2026-06-03 01:44:14,190 - trading_bot - DEBUG - [client.py:15] - Initializing Binance Client (Testnet)...
2026-06-03 01:44:14,192 - trading_bot - INFO - [client.py:27] - Using API Key: Ss79Wc...LKk1
2026-06-03 01:44:15,073 - trading_bot - INFO - [client.py:34] - Connected to Binance Futures Testnet API successfully.
2026-06-03 01:44:24,194 - trading_bot - DEBUG - [client.py:15] - Initializing Binance Client (Testnet)...
2026-06-03 01:44:24,211 - trading_bot - INFO - [client.py:27] - Using API Key: Ss79Wc...LKk1
2026-06-03 01:44:25,014 - trading_bot - INFO - [client.py:34] - Connected to Binance Futures Testnet API successfully.
2026-06-03 01:44:30,175 - trading_bot - DEBUG - [client.py:15] - Initializing Binance Client (Testnet)...
2026-06-03 01:44:30,181 - trading_bot - INFO - [client.py:27] - Using API Key: Ss79Wc...LKk1
2026-06-03 01:44:31,002 - trading_bot - INFO - [client.py:34] - Connected to Binance Futures Testnet API successfully.
2026-06-03 01:44:35,045 - trading_bot - DEBUG - [client.py:15] - Initializing Binance Client (Testnet)...
2026-06-03 01:44:35,047 - trading_bot - INFO - [client.py:27] - Using API Key: Ss79Wc...LKk1
2026-06-03 01:44:35,663 - trading_bot - INFO - [client.py:34] - Connected to Binance Futures Testnet API successfully.
2026-06-03 01:44:45,034 - trading_bot - DEBUG - [client.py:15] - Initializing Binance Client (Testnet)...
2026-06-03 01:44:45,036 - trading_bot - INFO - [client.py:27] - Using API Key: Ss79Wc...LKk1
2026-06-03 01:44:45,762 - trading_bot - INFO - [client.py:34] - Connected to Binance Futures Testnet API successfully.
2026-06-03 02:22:46,845 - trading_bot - INFO - [cli.py:165] - CLI Input Received: {'symbol': 'BTCUSDT', 'side': 'BUY', 'order_type': 'LIMIT', 'quantity': '0.005', 'price': '85000.00', 'stop_price': None}
2026-06-03 02:22:46,850 - trading_bot - DEBUG - [client.py:15] - Initializing Binance Client (Testnet)...
2026-06-03 02:22:46,850 - trading_bot - INFO - [client.py:27] - Using API Key: Ss79Wc...LKk1
2026-06-03 02:22:47,785 - trading_bot - INFO - [client.py:34] - Connected to Binance Futures Testnet API successfully.
2026-06-03 02:22:47,786 - trading_bot - INFO - [orders.py:38] - Placing order: BUY 0.005 BTCUSDT (LIMIT)
2026-06-03 02:22:47,786 - trading_bot - DEBUG - [orders.py:39] - API request payload: {'symbol': 'BTCUSDT', 'side': 'BUY', 'type': 'LIMIT', 'quantity': 0.005, 'price': 85000.0, 'timeInForce': 'GTC'}
2026-06-03 02:22:47,962 - trading_bot - ERROR - [orders.py:51] - Binance API Error (Status Code 400): Limit price can't be higher than 71013.84. (Code: -4016)
Traceback (most recent call last):
  File "/Users/aryan/Desktop/Job Project/bot/orders.py", line 42, in execute_order
    response = client.futures_create_order(**params)
  File "/Users/aryan/Desktop/Job Project/venv/lib/python3.10/site-packages/binance/client.py", line 7951, in futures_create_order
    return self._request_futures_api("post", "order", True, data=params)
  File "/Users/aryan/Desktop/Job Project/venv/lib/python3.10/site-packages/binance/client.py", line 144, in _request_futures_api
    return self._request(method, uri, signed, force_params, **kwargs)
  File "/Users/aryan/Desktop/Job Project/venv/lib/python3.10/site-packages/binance/client.py", line 107, in _request
    return self._handle_response(self.response)
  File "/Users/aryan/Desktop/Job Project/venv/lib/python3.10/site-packages/binance/client.py", line 116, in _handle_response
    raise BinanceAPIException(response, response.status_code, response.text)
binance.exceptions.BinanceAPIException: APIError(code=-4016): Limit price can't be higher than 71013.84.
2026-06-03 02:22:52,567 - trading_bot - INFO - [cli.py:165] - CLI Input Received: {'symbol': 'BTCUSDT', 'side': 'BUY', 'order_type': 'LIMIT', 'quantity': '0.005', 'price': '50000.00', 'stop_price': None}
2026-06-03 02:22:52,572 - trading_bot - DEBUG - [client.py:15] - Initializing Binance Client (Testnet)...
2026-06-03 02:22:52,573 - trading_bot - INFO - [client.py:27] - Using API Key: Ss79Wc...LKk1
2026-06-03 02:22:53,148 - trading_bot - INFO - [client.py:34] - Connected to Binance Futures Testnet API successfully.
2026-06-03 02:22:53,148 - trading_bot - INFO - [orders.py:38] - Placing order: BUY 0.005 BTCUSDT (LIMIT)
2026-06-03 02:22:53,148 - trading_bot - DEBUG - [orders.py:39] - API request payload: {'symbol': 'BTCUSDT', 'side': 'BUY', 'type': 'LIMIT', 'quantity': 0.005, 'price': 50000.0, 'timeInForce': 'GTC'}
2026-06-03 02:22:53,414 - trading_bot - INFO - [orders.py:44] - Successfully placed order! OrderID: 13872081758
2026-06-03 02:22:53,414 - trading_bot - DEBUG - [orders.py:45] - API response payload: {'orderId': 13872081758, 'symbol': 'BTCUSDT', 'status': 'NEW', 'clientOrderId': 'x-Cb7ytekJ31135eb91c78f46bcb295a', 'price': '50000.00', 'avgPrice': '0.00', 'origQty': '0.0050', 'executedQty': '0.0000', 'cumQty': '0.0000', 'cumQuote': '0.000000', 'timeInForce': 'GTC', 'type': 'LIMIT', 'reduceOnly': False, 'closePosition': False, 'side': 'BUY', 'positionSide': 'BOTH', 'stopPrice': '0.00', 'workingType': 'CONTRACT_PRICE', 'priceProtect': False, 'origType': 'LIMIT', 'priceMatch': 'NONE', 'selfTradePreventionMode': 'EXPIRE_MAKER', 'goodTillDate': 0, 'updateTime': 1780433573331}
